[themelooks.us/demo/covidland/html/index.html]
[backblue.gif]
[fade.gif]
[index.html]
[themelooks.us/demo/covidland/html/favicon.png]
[themelooks.us/demo/covidland/html/assets/img/preloader.png]
[themelooks.us/demo/covidland/html/assets/img/logo.png]
[themelooks.us/demo/covidland/html/blog.html]
[themelooks.us/demo/covidland/html/blog-details.html]
[themelooks.us/demo/covidland/html/404.html]
[themelooks.us/demo/covidland/html/assets/img/banner.png]
[themelooks.us/demo/covidland/html/assets/img/pattern.png]
[themelooks.us/demo/covidland/html/assets/img/about-img.png]
[themelooks.us/demo/covidland/html/assets/img/symptoms.png]
[themelooks.us/demo/covidland/html/assets/img/s-line.png]
[themelooks.us/demo/covidland/html/assets/img/prevention-bg.jpg]
[themelooks.us/demo/covidland/html/assets/img/icon/p-1.png]
[themelooks.us/demo/covidland/html/assets/img/icon/p-2.png]
[themelooks.us/demo/covidland/html/assets/img/icon/p-3.png]
[themelooks.us/demo/covidland/html/assets/img/icon/p-4.png]
[themelooks.us/demo/covidland/html/assets/img/contact-img.jpg]
[themelooks.us/demo/covidland/html/assets/img/bg-pattren.png]
[themelooks.us/demo/covidland/html/assets/img/country-update.jpg]
[themelooks.us/demo/covidland/html/assets/img/world-update.jpg]
[themelooks.us/demo/covidland/html/assets/img/tips.png]
[themelooks.us/demo/covidland/html/assets/img/footer-bg.jpg]
[themelooks.us/demo/covidland/html/assets/img/footer-logo.png]
[themelooks.us/demo/covidland/html/assets/js/jquery.min.js]
[themelooks.us/demo/covidland/html/assets/plugins/data-tables/datatables.min.js]
[themelooks.us/demo/covidland/html/assets/plugins/magnific-popup/jquery.magnific-popup.min.js]
[themelooks.us/demo/covidland/html/assets/plugins/nav/nav.min.js]
[themelooks.us/demo/covidland/html/assets/js/menu.min.js]
[themelooks.us/demo/covidland/html/assets/js/main.js]
[themelooks.us/demo/covidland/html/index.html]
[themelooks.us/demo/covidland/html/assets/plugins/magnific-popup/magnific-popup.min.css]
[themelooks.us/demo/covidland/html/assets/plugins/data-tables/DataTables-1.10.20/images/sort_both.png]
[themelooks.us/demo/covidland/html/assets/plugins/data-tables/DataTables-1.10.20/images/sort_asc.png]
[themelooks.us/demo/covidland/html/assets/plugins/data-tables/DataTables-1.10.20/images/sort_desc.png]
[themelooks.us/demo/covidland/html/assets/plugins/data-tables/DataTables-1.10.20/images/sort_asc_disabled.png]
[themelooks.us/demo/covidland/html/assets/plugins/data-tables/DataTables-1.10.20/images/sort_desc_disabled.png]
[themelooks.us/demo/covidland/html/assets/plugins/data-tables/datatables.min.css]
[themelooks.us/demo/covidland/html/assets/css/style.css]
[themelooks.us/demo/covidland/html/assets/css/custom.css]
[themelooks.us/demo/covidland/html/assets/img/post/blog_1.jpg]
[themelooks.us/demo/covidland/html/assets/img/post/blog_2.jpg]
[themelooks.us/demo/covidland/html/assets/img/post/blog_3.jpg]
[themelooks.us/demo/covidland/html/assets/img/post/blog_4.jpg]
[themelooks.us/demo/covidland/html/assets/img/post/blog_5.jpg]
[themelooks.us/demo/covidland/html/assets/img/post/blog_6.jpg]
[themelooks.us/demo/covidland/html/assets/img/post/blog_7.jpg]
[themelooks.us/demo/covidland/html/assets/img/post/blog_8.jpg]
[themelooks.us/demo/covidland/html/assets/img/post/blog_9.jpg]
[themelooks.us/demo/covidland/html/assets/img/ad.jpg]
[themelooks.us/demo/covidland/html/blog.html]
[themelooks.us/demo/covidland/html/assets/img/post/blog-details.jpg]
[themelooks.us/demo/covidland/html/assets/img/post/post-author.png]
[themelooks.us/demo/covidland/html/assets/img/post/author_1.jpg]
[themelooks.us/demo/covidland/html/assets/img/post/author-3.jpg]
[themelooks.us/demo/covidland/html/blog-details.html]
[themelooks.us/demo/covidland/html/404.html]
[themelooks.us/demo/covidland/html/assets/img/icon/sick.svg]
[themelooks.us/demo/covidland/html/assets/img/icon/play.svg]
[themelooks.us/demo/covidland/html/assets/img/icon/s-1.svg]
[themelooks.us/demo/covidland/html/assets/img/icon/s-2.svg]
[themelooks.us/demo/covidland/html/assets/img/icon/s-3.svg]
[themelooks.us/demo/covidland/html/assets/img/icon/phone.svg]
[themelooks.us/demo/covidland/html/assets/img/icon/checked.svg]
[themelooks.us/demo/covidland/html/assets/img/icon/close.svg]
[themelooks.us/demo/covidland/html/assets/img/icon/twitter.svg]
[themelooks.us/demo/covidland/html/assets/img/icon/facebook.svg]
[themelooks.us/demo/covidland/html/assets/img/icon/linkedin.svg]
[themelooks.us/demo/covidland/html/assets/img/icon/instagram.svg]
[themelooks.us/demo/covidland/html/assets/img/icon/youtube.svg]
[themelooks.us/demo/covidland/html/assets/js/custom.js]
[themelooks.us/demo/covidland/html/assets/img/post/author_2.jpg]
